
> @landvision/client@1.0.0 build
> next build

  ▲ Next.js 14.2.35
  - Environments: .env.local

   Creating an optimized production build ...
 ✓ Compiled successfully
   Linting and checking validity of types ...
   Collecting page data ...
   Generating static pages (0/8) ...
   Generating static pages (2/8) 
   Generating static pages (4/8) 
   Generating static pages (6/8) 
 ✓ Generating static pages (8/8)
   Finalizing page optimization ...
   Collecting build traces ...

Route (app)                              Size     First Load JS
┌ ○ /                                    175 B          96.1 kB
├ ○ /_not-found                          873 B          88.1 kB
├ ○ /login                               1.43 kB        95.4 kB
├ ○ /map                                 3.06 kB          97 kB
├ ○ /review                              3.17 kB        97.1 kB
└ ○ /upload                              2.36 kB        96.3 kB
+ First Load JS shared by all            87.2 kB
  ├ chunks/364-4b3566a54dd27ea6.js       31.7 kB
  ├ chunks/618f8807-c681a73ea4e65898.js  53.6 kB
  └ other shared chunks (total)          1.86 kB


○  (Static)  prerendered as static content

